
> gaussianlab@0.1.0 test
> vitest run


[1m[46m RUN [49m[22m [36mv3.2.4 [39m[90mC:/Users/toddc/dev/personal/GaussianLab[39m

 [32mΓ£ô[39m src/app/state/snapToGrid.test.ts [2m([22m[2m4 tests[22m[2m)[22m[32m 6[2mms[22m[39m
 [32mΓ£ô[39m src/app/state/componentFactories.test.ts [2m([22m[2m2 tests[22m[2m)[22m[32m 5[2mms[22m[39m
 [31mΓ¥»[39m src/math/abcd.test.ts [2m([22m[2m25 tests[22m[2m | [22m[31m2 failed[39m[2m)[22m[32m 24[2mms[22m[39m
   [32mΓ£ô[39m ABCD matrices[2m > [22mindividual matrices[2m > [22mcreates free space matrix correctly[32m 3[2mms[22m[39m
   [32mΓ£ô[39m ABCD matrices[2m > [22mindividual matrices[2m > [22mcreates thin lens matrix correctly[32m 1[2mms[22m[39m
   [32mΓ£ô[39m ABCD matrices[2m > [22mindividual matrices[2m > [22mcreates thin diverging lens matrix[32m 1[2mms[22m[39m
   [32mΓ£ô[39m ABCD matrices[2m > [22mindividual matrices[2m > [22mcreates mirror matrix correctly[32m 1[2mms[22m[39m
   [32mΓ£ô[39m ABCD matrices[2m > [22mindividual matrices[2m > [22mcreates flat mirror as identity[32m 0[2mms[22m[39m
   [32mΓ£ô[39m ABCD matrices[2m > [22mindividual matrices[2m > [22mthrows on zero focal length lens[32m 2[2mms[22m[39m
   [32mΓ£ô[39m ABCD matrices[2m > [22mindividual matrices[2m > [22mthrows on zero radius mirror[32m 0[2mms[22m[39m
   [32mΓ£ô[39m ABCD matrices[2m > [22mmatrix multiplication[2m > [22mmultiplies two free space matrices correctly[32m 0[2mms[22m[39m
[31m   [31m├ù[31m ABCD matrices[2m > [22mmatrix multiplication[2m > [22mcomposes lens and free space correctly[39m[32m 9[2mms[22m[39m
[31m     ΓåÆ expected -1 to be close to 0.8, received difference is 1.8, but expected 5e-11[39m
   [32mΓ£ô[39m ABCD matrices[2m > [22mmatrix multiplication[2m > [22mmultiplication order matters (non-commutative)[32m 1[2mms[22m[39m
   [32mΓ£ô[39m ABCD matrices[2m > [22mcompose multiple matrices[2m > [22mcomposes empty list as identity[32m 0[2mms[22m[39m
   [32mΓ£ô[39m ABCD matrices[2m > [22mcompose multiple matrices[2m > [22mcomposes single matrix as itself[32m 0[2mms[22m[39m
   [32mΓ£ô[39m ABCD matrices[2m > [22mcompose multiple matrices[2m > [22mcomposes three matrices correctly[32m 0[2mms[22m[39m
   [32mΓ£ô[39m ABCD matrices[2m > [22mproperties[2m > [22mcomputes determinant of free space (should be 1)[32m 0[2mms[22m[39m
   [32mΓ£ô[39m ABCD matrices[2m > [22mproperties[2m > [22mcomputes determinant of lens (should be 1)[32m 0[2mms[22m[39m
   [32mΓ£ô[39m ABCD matrices[2m > [22mproperties[2m > [22mcomputes trace correctly[32m 0[2mms[22m[39m
   [32mΓ£ô[39m ABCD matrices[2m > [22mproperties[2m > [22minverts an invertible matrix[32m 0[2mms[22m[39m
   [32mΓ£ô[39m ABCD matrices[2m > [22mproperties[2m > [22mthrows on inverting singular matrix[32m 0[2mms[22m[39m
   [32mΓ£ô[39m ABCD matrices[2m > [22mproperties[2m > [22mdetects identity matrix[32m 0[2mms[22m[39m
   [32mΓ£ô[39m ABCD matrices[2m > [22mproperties[2m > [22mrejects non-identity matrix[32m 0[2mms[22m[39m
   [32mΓ£ô[39m ABCD matrices[2m > [22manalytical reference cases[2m > [22m1m free space distance is 1m in B[32m 0[2mms[22m[39m
   [32mΓ£ô[39m ABCD matrices[2m > [22manalytical reference cases[2m > [22m100mm focal length lens has C = -10 m^-1[32m 0[2mms[22m[39m
   [32mΓ£ô[39m ABCD matrices[2m > [22manalytical reference cases[2m > [22m200mm radius mirror has C = 10 m^-1[32m 0[2mms[22m[39m
[31m   [31m├ù[31m ABCD matrices[2m > [22manalytical reference cases[2m > [22m2f focusing system (f-f-2f) composition has unity magnification near focus[39m[32m 1[2mms[22m[39m
[31m     ΓåÆ expected +0 to be close to 1, received difference is 1, but expected 0.05[39m
   [32mΓ£ô[39m ABCD matrices[2m > [22manalytical reference cases[2m > [22mafocal telescope (2f-gap-2f) has M=1, D=1[32m 0[2mms[22m[39m
 [32mΓ£ô[39m src/app/state/axisCapture.test.ts [2m([22m[2m5 tests[22m[2m)[22m[32m 7[2mms[22m[39m
 [32mΓ£ô[39m src/math/complex.test.ts [2m([22m[2m29 tests[22m[2m)[22m[32m 14[2mms[22m[39m
 [32mΓ£ô[39m src/math/qParameter.test.ts [2m([22m[2m29 tests[22m[2m)[22m[32m 11[2mms[22m[39m
 [32mΓ£ô[39m src/app/state/reducer.test.ts [2m([22m[2m17 tests[22m[2m)[22m[32m 12[2mms[22m[39m
 [32mΓ£ô[39m src/app/state/stateResolver.test.ts [2m([22m[2m9 tests[22m[2m)[22m[32m 16[2mms[22m[39m
 [32mΓ£ô[39m src/app/state/Store.test.ts [2m([22m[2m10 tests[22m[2m)[22m[32m 16[2mms[22m[39m
 [32mΓ£ô[39m src/app/state/beamPathResolver.test.ts [2m([22m[2m11 tests[22m[2m)[22m[32m 16[2mms[22m[39m
 [32mΓ£ô[39m src/App.test.tsx [2m([22m[2m1 test[22m[2m)[22m[32m 154[2mms[22m[39m
node.exe : 
At line:1 char:1
+ & "C:\Program Files\nodejs/node.exe" "C:\Program Files\nodejs/node_mo ...
+ ~~~~~~~~~~~~~~~~~~~~~~~~~~~~~~~~~~~~~~~~~~~~~~~~~~~~~~~~~~~~~~~~~~~~~
    + CategoryInfo          : NotSpecified: (:String) [], RemoteException
    + FullyQualifiedErrorId : NativeCommandError
 
[31mΓÄ»ΓÄ»ΓÄ»ΓÄ»ΓÄ»ΓÄ»ΓÄ»[39m[1m[41m Failed Tests 2 
[49m[22m[31mΓÄ»ΓÄ»ΓÄ»ΓÄ»ΓÄ»ΓÄ»ΓÄ»[39m

[41m[1m FAIL [22m[49m src/math/abcd.test.ts[2m > [22mABCD matrices[2m > 
[22mmatrix multiplication[2m > [22mcomposes lens and free space correctly
[31m[1mAssertionError[22m: expected -1 to be close to 0.8, received 
difference is 1.8, but expected 5e-11[39m
[36m [2mΓ¥»[22m src/math/abcd.test.ts:[2m80:24[22m[39m
    [90m 78| [39m      [34mexpect[39m(result[33m.[39m[33mB[39m)[33m.[
39m[34mtoBe[39m([34m0.1[39m)[33m;[39m
    [90m 79| [39m      [34mexpect[39m(result[33m.[39m[33mC[39m)[33m.[
39m[34mtoBe[39m([33m-[39m[34m20[39m)[33m;[39m
    [90m 80| [39m      [34mexpect[39m(result[33m.[39m[33mD[39m)[33m.[
39m[34mtoBeCloseTo[39m([34m0.8[39m[33m,[39m [34m10[39m)[33m;[39m
    [90m   | [39m                       [31m^[39m
    [90m 81| [39m    })[33m;[39m
    [90m 82| [39m

[31m[2mΓÄ»ΓÄ»ΓÄ»ΓÄ»ΓÄ»ΓÄ»ΓÄ»ΓÄ»ΓÄ»ΓÄ»ΓÄ»ΓÄ»ΓÄ»ΓÄ»ΓÄ»ΓÄ»ΓÄ»ΓÄ»ΓÄ»ΓÄ»ΓÄ»ΓÄ»ΓÄ»Γ
Ä»[1/2]ΓÄ»[22m[39m

[41m[1m FAIL [22m[49m src/math/abcd.test.ts[2m > [22mABCD matrices[2m > 
[22manalytical reference cases[2m > [22m2f focusing system (f-f-2f) 
composition has unity magnification near focus
[31m[1mAssertionError[22m: expected +0 to be close to 1, received 
difference is 1, but expected 0.05[39m
[36m [2mΓ¥»[22m src/math/abcd.test.ts:[2m188:24[22m[39m
    [90m186| [39m      [90m// The magnification is A = 1 for 1:1 
systems[39m
    [90m187| [39m      // Just verify it composes without error and has 
reasonable valuΓÇª
    [90m188| [39m      [34mexpect[39m(system[33m.[39m[33mA[39m)[33m.[
39m[34mtoBeCloseTo[39m([34m1[39m[33m,[39m [34m1[39m)[33m;[39m 
[90m// Near unity magnification[39m
    [90m   | [39m                       [31m^[39m
    [90m189| [39m      [34mexpect[39m([33mNumber[39m[33m.[39m[34misFin
ite[39m(system[33m.[39m[33mB[39m))[33m.[39m[34mtoBe[39m([35mtrue[39m
)[33m;[39m
    [90m190| [39m      [34mexpect[39m([33mNumber[39m[33m.[39m[34misFin
ite[39m(system[33m.[39m[33mC[39m))[33m.[39m[34mtoBe[39m([35mtrue[39m
)[33m;[39m

[31m[2mΓÄ»ΓÄ»ΓÄ»ΓÄ»ΓÄ»ΓÄ»ΓÄ»ΓÄ»ΓÄ»ΓÄ»ΓÄ»ΓÄ»ΓÄ»ΓÄ»ΓÄ»ΓÄ»ΓÄ»ΓÄ»ΓÄ»ΓÄ»ΓÄ»ΓÄ»ΓÄ»Γ
Ä»[2/2]ΓÄ»[22m[39m


[2m Test Files [22m [1m[31m1 failed[39m[22m[2m | [22m[1m[32m10 passed[39m[22m[90m (11)[39m
[2m      Tests [22m [1m[31m2 failed[39m[22m[2m | [22m[1m[32m140 passed[39m[22m[90m (142)[39m
[2m   Start at [22m 16:55:32
[2m   Duration [22m 2.25s[2m (transform 980ms, setup 1.86s, collect 1.92s, tests 282ms, environment 10.95s, prepare 2.40s)[22m

